2026-08-15 13:24:34 [CRITICAL]  - 23274
2026-08-15 13:24:34 [CRITICAL]  - 6741
2026-08-15 13:24:34 [CRITICAL]  - 23287
2026-08-15 13:24:34 [ERROR] Disk full - 250
2026-08-15 13:24:34 [DEBUG]  - 1859
2026-08-15 13:24:34 [ERROR] Segmentation fault - 30172
2026-08-15 13:24:34 [ERROR] Segmentation fault - 28497
2026-08-15 13:24:34 [ERROR] Out of memory - 14400
2026-08-15 13:24:34 [WARNING]  - 31272
2026-08-15 13:24:34 [DEBUG]  - 16845
2026-08-15 13:24:34 [CRITICAL]  - 29939
2026-08-15 13:24:34 [DEBUG]  - 17603
2026-08-15 13:24:34 [DEBUG]  - 13608
2026-08-15 13:24:34 [WARNING]  - 14984
2026-08-15 13:24:34 [DEBUG]  - 20763
2026-08-15 13:24:34 [CRITICAL]  - 8844
2026-08-15 13:24:34 [WARNING]  - 13984
2026-08-15 13:24:34 [CRITICAL]  - 14629
2026-08-15 13:24:34 [ERROR] Out of memory - 7685
2026-08-15 13:24:34 [DEBUG]  - 24026
2026-08-15 13:24:34 [DEBUG]  - 14128
2026-08-15 13:24:34 [CRITICAL]  - 30988
2026-08-15 13:24:34 [ERROR] Disk full - 4681
2026-08-15 13:24:34 [INFO]  - 32134
2026-08-15 13:24:34 [DEBUG]  - 29334
2026-08-15 13:24:34 [WARNING]  - 6953
2026-08-15 13:24:34 [DEBUG]  - 15152
2026-08-15 13:24:34 [INFO]  - 20077
2026-08-15 13:24:34 [DEBUG]  - 8155
2026-08-15 13:24:34 [WARNING]  - 10804
2026-08-15 13:24:34 [CRITICAL]  - 8773
2026-08-15 13:24:34 [DEBUG]  - 21440
2026-08-15 13:24:34 [WARNING]  - 26337
2026-08-15 13:24:34 [INFO]  - 10479
2026-08-15 13:24:34 [ERROR] Segmentation fault - 24002
2026-08-15 13:24:34 [DEBUG]  - 4885
2026-08-15 13:24:34 [INFO]  - 20837
2026-08-15 13:24:34 [DEBUG]  - 25591
2026-08-15 13:24:34 [WARNING]  - 26558
2026-08-15 13:24:34 [DEBUG]  - 12536
2026-08-15 13:24:34 [ERROR] Invalid input - 23728
2026-08-15 13:24:34 [CRITICAL]  - 4249
2026-08-15 13:24:34 [CRITICAL]  - 32307
2026-08-15 13:24:34 [CRITICAL]  - 12401
2026-08-15 13:24:34 [ERROR] Disk full - 6110
2026-08-15 13:24:34 [CRITICAL]  - 25123
2026-08-15 13:24:34 [ERROR] Invalid input - 14270
2026-08-15 13:24:34 [INFO]  - 6725
2026-08-15 13:24:34 [ERROR] Failed to connect - 19428
2026-08-15 13:24:34 [INFO]  - 21229
2026-08-15 13:24:34 [DEBUG]  - 14579
2026-08-15 13:24:34 [DEBUG]  - 14521
2026-08-15 13:24:34 [DEBUG]  - 6771
2026-08-15 13:24:34 [ERROR] Out of memory - 10894
2026-08-15 13:24:34 [CRITICAL]  - 26946
2026-08-15 13:24:34 [CRITICAL]  - 1909
2026-08-15 13:24:34 [INFO]  - 14258
2026-08-15 13:24:34 [INFO]  - 24128
2026-08-15 13:24:34 [WARNING]  - 3070
2026-08-15 13:24:34 [WARNING]  - 6683
2026-08-15 13:24:34 [ERROR] Invalid input - 16516
2026-08-15 13:24:34 [CRITICAL]  - 117
2026-08-15 13:24:34 [ERROR] Out of memory - 26844
2026-08-15 13:24:34 [ERROR] Disk full - 31630
2026-08-15 13:24:34 [ERROR] Segmentation fault - 22825
2026-08-15 13:24:34 [DEBUG]  - 23220
2026-08-15 13:24:34 [INFO]  - 13041
2026-08-15 13:24:34 [INFO]  - 9132
2026-08-15 13:24:34 [DEBUG]  - 11414
2026-08-15 13:24:34 [ERROR] Disk full - 17170
2026-08-15 13:24:34 [INFO]  - 7542
2026-08-15 13:24:34 [DEBUG]  - 19553
2026-08-15 13:24:34 [WARNING]  - 29042
2026-08-15 13:24:34 [ERROR] Segmentation fault - 7707
2026-08-15 13:24:34 [CRITICAL]  - 697
2026-08-15 13:24:34 [DEBUG]  - 21210
2026-08-15 13:24:34 [ERROR] Failed to connect - 11064
2026-08-15 13:24:34 [ERROR] Invalid input - 16252
2026-08-15 13:24:34 [DEBUG]  - 16792
2026-08-15 13:24:34 [CRITICAL]  - 13443
2026-08-15 13:24:34 [ERROR] Invalid input - 24842
2026-08-15 13:24:34 [DEBUG]  - 23891
2026-08-15 13:24:34 [WARNING]  - 10596
2026-08-15 13:24:34 [CRITICAL]  - 28815
2026-08-15 13:24:34 [ERROR] Out of memory - 9583
2026-08-15 13:24:34 [DEBUG]  - 26120
2026-08-15 13:24:34 [DEBUG]  - 15766
2026-08-15 13:24:34 [DEBUG]  - 5959
2026-08-15 13:24:34 [ERROR] Disk full - 18576
2026-08-15 13:24:34 [WARNING]  - 14155
2026-08-15 13:24:34 [DEBUG]  - 1690
2026-08-15 13:24:34 [DEBUG]  - 5776
2026-08-15 13:24:34 [INFO]  - 25808
2026-08-15 13:24:34 [INFO]  - 12238
2026-08-15 13:24:34 [WARNING]  - 6341
2026-08-15 13:24:34 [INFO]  - 27409
2026-08-15 13:24:34 [WARNING]  - 6769
2026-08-15 13:24:34 [INFO]  - 21094
2026-08-15 13:24:34 [WARNING]  - 18332
2026-08-15 13:24:34 [CRITICAL]  - 4393
2026-08-15 13:24:34 [DEBUG]  - 20998
2026-08-15 13:24:34 [CRITICAL]  - 7179
2026-08-15 13:24:34 [INFO]  - 25687
2026-08-15 13:24:34 [DEBUG]  - 19941
2026-08-15 13:24:34 [ERROR] Segmentation fault - 27336
2026-08-15 13:24:34 [CRITICAL]  - 20592
2026-08-15 13:24:34 [ERROR] Disk full - 3744
2026-08-15 13:24:34 [ERROR] Out of memory - 16919
2026-08-15 13:24:34 [ERROR] Segmentation fault - 17388
2026-08-15 13:24:34 [WARNING]  - 9855
2026-08-15 13:24:34 [CRITICAL]  - 10283
2026-08-15 13:24:34 [ERROR] Failed to connect - 14023
2026-08-15 13:24:34 [CRITICAL]  - 29511
2026-08-15 13:24:34 [ERROR] Invalid input - 23839
2026-08-15 13:24:34 [ERROR] Disk full - 2167
2026-08-15 13:24:34 [INFO]  - 9603
2026-08-15 13:24:34 [CRITICAL]  - 14556
2026-08-15 13:24:34 [INFO]  - 21579
2026-08-15 13:24:34 [WARNING]  - 16161
2026-08-15 13:24:34 [CRITICAL]  - 29940
2026-08-15 13:24:34 [DEBUG]  - 19724
2026-08-15 13:24:34 [CRITICAL]  - 6041
2026-08-15 13:24:34 [ERROR] Disk full - 620
2026-08-15 13:24:34 [WARNING]  - 2862
2026-08-15 13:24:34 [CRITICAL]  - 7705
2026-08-15 13:24:34 [INFO]  - 2293
2026-08-15 13:24:34 [CRITICAL]  - 4801
2026-08-15 13:24:34 [WARNING]  - 4563
2026-08-15 13:24:34 [WARNING]  - 19761
2026-08-15 13:24:34 [DEBUG]  - 2665
2026-08-15 13:24:34 [INFO]  - 22493
2026-08-15 13:24:34 [INFO]  - 20537
2026-08-15 13:24:34 [INFO]  - 28299
2026-08-15 13:24:34 [INFO]  - 17208
2026-08-15 13:24:34 [CRITICAL]  - 8385
2026-08-15 13:24:34 [WARNING]  - 23575
2026-08-15 13:24:34 [WARNING]  - 12015
2026-08-15 13:24:34 [DEBUG]  - 23377
2026-08-15 13:24:34 [INFO]  - 3677
2026-08-15 13:24:34 [ERROR] Segmentation fault - 25439
2026-08-15 13:24:34 [CRITICAL]  - 21694
2026-08-15 13:24:34 [ERROR] Segmentation fault - 25866
2026-08-15 13:24:34 [CRITICAL]  - 31138
2026-08-15 13:24:34 [DEBUG]  - 16597
2026-08-15 13:24:34 [CRITICAL]  - 31581
2026-08-15 13:24:34 [INFO]  - 3599
2026-08-15 13:24:34 [ERROR] Disk full - 16052
2026-08-15 13:24:34 [DEBUG]  - 772
2026-08-15 13:24:34 [INFO]  - 20368
2026-08-15 13:24:34 [WARNING]  - 24987
2026-08-15 13:24:34 [WARNING]  - 24471
2026-08-15 13:24:34 [INFO]  - 2233
2026-08-15 13:24:34 [WARNING]  - 8230
2026-08-15 13:24:34 [ERROR] Failed to connect - 11180
2026-08-15 13:24:34 [CRITICAL]  - 31984
2026-08-15 13:24:34 [WARNING]  - 17712
2026-08-15 13:24:34 [DEBUG]  - 7489
2026-08-15 13:24:34 [CRITICAL]  - 9783
2026-08-15 13:24:34 [DEBUG]  - 675
2026-08-15 13:24:34 [DEBUG]  - 28491
2026-08-15 13:24:34 [WARNING]  - 17238
2026-08-15 13:24:34 [DEBUG]  - 3229
2026-08-15 13:24:34 [ERROR] Out of memory - 28586
2026-08-15 13:24:34 [CRITICAL]  - 32319
2026-08-15 13:24:34 [INFO]  - 23774
2026-08-15 13:24:34 [DEBUG]  - 927
2026-08-15 13:24:34 [WARNING]  - 18886
2026-08-15 13:24:34 [ERROR] Out of memory - 4848
2026-08-15 13:24:34 [ERROR] Disk full - 27422
2026-08-15 13:24:34 [ERROR] Disk full - 587
2026-08-15 13:24:34 [CRITICAL]  - 30847
2026-08-15 13:24:34 [INFO]  - 5738
2026-08-15 13:24:34 [CRITICAL]  - 2355
2026-08-15 13:24:34 [CRITICAL]  - 31370
2026-08-15 13:24:34 [CRITICAL]  - 16329
2026-08-15 13:24:34 [DEBUG]  - 5809
2026-08-15 13:24:34 [INFO]  - 23387
2026-08-15 13:24:34 [DEBUG]  - 31606
2026-08-15 13:24:34 [DEBUG]  - 20960
2026-08-15 13:24:34 [ERROR] Segmentation fault - 28700
2026-08-15 13:24:34 [WARNING]  - 25288
2026-08-15 13:24:34 [WARNING]  - 17571
2026-08-15 13:24:34 [ERROR] Invalid input - 31563
2026-08-15 13:24:34 [CRITICAL]  - 25525
2026-08-15 13:24:34 [DEBUG]  - 25048
2026-08-15 13:24:34 [WARNING]  - 8156
2026-08-15 13:24:34 [ERROR] Failed to connect - 30381
2026-08-15 13:24:34 [ERROR] Failed to connect - 15731
2026-08-15 13:24:34 [ERROR] Out of memory - 31580
2026-08-15 13:24:34 [ERROR] Segmentation fault - 490
2026-08-15 13:24:34 [CRITICAL]  - 18686
2026-08-15 13:24:34 [WARNING]  - 1141
2026-08-15 13:24:34 [ERROR] Out of memory - 16648
2026-08-15 13:24:34 [INFO]  - 31861
2026-08-15 13:24:34 [ERROR] Out of memory - 4710
2026-08-15 13:24:34 [WARNING]  - 6114
2026-08-15 13:24:34 [ERROR] Invalid input - 7224
2026-08-15 13:24:34 [INFO]  - 12026
2026-08-15 13:24:34 [DEBUG]  - 25988
2026-08-15 13:24:34 [WARNING]  - 21773
